package foo

import (
	"github.com/wylswz/cue-se/foo"
	"github.com/wylswz/cue-se/bar"
	"time"
)

import (
	time1 "time"

	// comment f2
	f2 "github.com/wylswz/cue-se/foo"
	f1 "github.com/wylswz/cue-se/foo"
)

import (
	time2 "time"

	same "github.com/wylswz/cue-se/foo"  // comment 1
	same2 "github.com/wylswz/cue-se/foo" // comment 2
)

a: time.time
b: foo.foo
c: bar.Bar
